19:16:08 **** Build of project ejercicio1_bsp ****
make -k all 
"Running Make include in ps7_cortexa9_0/libsrc/coresightps_dcc_v1_4/src"
make -C ps7_cortexa9_0/libsrc/coresightps_dcc_v1_4/src -s include  "SHELL=CMD" "COMPILER=arm-none-eabi-gcc" "ARCHIVER=arm-none-eabi-ar" "COMPILER_FLAGS=  -O2 -c" "EXTRA_COMPILER_FLAGS=-mcpu=cortex-a9 -mfpu=vfpv3 -mfloat-abi=hard -nostartfiles -Wall -Wextra"
"Running Make include in ps7_cortexa9_0/libsrc/cpu_cortexa9_v2_5/src"
make -C ps7_cortexa9_0/libsrc/cpu_cortexa9_v2_5/src -s include  "SHELL=CMD" "COMPILER=arm-none-eabi-gcc" "ARCHIVER=arm-none-eabi-ar" "COMPILER_FLAGS=  -O2 -c" "EXTRA_COMPILER_FLAGS=-mcpu=cortex-a9 -mfpu=vfpv3 -mfloat-abi=hard -nostartfiles -Wall -Wextra"
"Running Make include in ps7_cortexa9_0/libsrc/ddrps_v1_0/src"
make -C ps7_cortexa9_0/libsrc/ddrps_v1_0/src -s include  "SHELL=CMD" "COMPILER=arm-none-eabi-gcc" "ARCHIVER=arm-none-eabi-ar" "COMPILER_FLAGS=  -O2 -c" "EXTRA_COMPILER_FLAGS=-mcpu=cortex-a9 -mfpu=vfpv3 -mfloat-abi=hard -nostartfiles -Wall -Wextra"
"Running Make include in ps7_cortexa9_0/libsrc/devcfg_v3_5/src"
make -C ps7_cortexa9_0/libsrc/devcfg_v3_5/src -s include  "SHELL=CMD" "COMPILER=arm-none-eabi-gcc" "ARCHIVER=arm-none-eabi-ar" "COMPILER_FLAGS=  -O2 -c" "EXTRA_COMPILER_FLAGS=-mcpu=cortex-a9 -mfpu=vfpv3 -mfloat-abi=hard -nostartfiles -Wall -Wextra"
"Running Make include in ps7_cortexa9_0/libsrc/dmaps_v2_3/src"
make -C ps7_cortexa9_0/libsrc/dmaps_v2_3/src -s include  "SHELL=CMD" "COMPILER=arm-none-eabi-gcc" "ARCHIVER=arm-none-eabi-ar" "COMPILER_FLAGS=  -O2 -c" "EXTRA_COMPILER_FLAGS=-mcpu=cortex-a9 -mfpu=vfpv3 -mfloat-abi=hard -nostartfiles -Wall -Wextra"
"Running Make include in ps7_cortexa9_0/libsrc/qspips_v3_4/src"
make -C ps7_cortexa9_0/libsrc/qspips_v3_4/src -s include  "SHELL=CMD" "COMPILER=arm-none-eabi-gcc" "ARCHIVER=arm-none-eabi-ar" "COMPILER_FLAGS=  -O2 -c" "EXTRA_COMPILER_FLAGS=-mcpu=cortex-a9 -mfpu=vfpv3 -mfloat-abi=hard -nostartfiles -Wall -Wextra"
"Running Make include in ps7_cortexa9_0/libsrc/scugic_v3_8/src"
make -C ps7_cortexa9_0/libsrc/scugic_v3_8/src -s include  "SHELL=CMD" "COMPILER=arm-none-eabi-gcc" "ARCHIVER=arm-none-eabi-ar" "COMPILER_FLAGS=  -O2 -c" "EXTRA_COMPILER_FLAGS=-mcpu=cortex-a9 -mfpu=vfpv3 -mfloat-abi=hard -nostartfiles -Wall -Wextra"
"Running Make include in ps7_cortexa9_0/libsrc/scutimer_v2_1/src"
make -C ps7_cortexa9_0/libsrc/scutimer_v2_1/src -s include  "SHELL=CMD" "COMPILER=arm-none-eabi-gcc" "ARCHIVER=arm-none-eabi-ar" "COMPILER_FLAGS=  -O2 -c" "EXTRA_COMPILER_FLAGS=-mcpu=cortex-a9 -mfpu=vfpv3 -mfloat-abi=hard -nostartfiles -Wall -Wextra"
"Running Make include in ps7_cortexa9_0/libsrc/scuwdt_v2_1/src"
make -C ps7_cortexa9_0/libsrc/scuwdt_v2_1/src -s include  "SHELL=CMD" "COMPILER=arm-none-eabi-gcc" "ARCHIVER=arm-none-eabi-ar" "COMPILER_FLAGS=  -O2 -c" "EXTRA_COMPILER_FLAGS=-mcpu=cortex-a9 -mfpu=vfpv3 -mfloat-abi=hard -nostartfiles -Wall -Wextra"
"Running Make include in ps7_cortexa9_0/libsrc/standalone_v6_5/src"
make -C ps7_cortexa9_0/libsrc/standalone_v6_5/src -s include  "SHELL=CMD" "COMPILER=arm-none-eabi-gcc" "ARCHIVER=arm-none-eabi-ar" "COMPILER_FLAGS=  -O2 -c" "EXTRA_COMPILER_FLAGS=-mcpu=cortex-a9 -mfpu=vfpv3 -mfloat-abi=hard -nostartfiles -Wall -Wextra"
"Running Make include in ps7_cortexa9_0/libsrc/uartps_v3_5/src"
make -C ps7_cortexa9_0/libsrc/uartps_v3_5/src -s include  "SHELL=CMD" "COMPILER=arm-none-eabi-gcc" "ARCHIVER=arm-none-eabi-ar" "COMPILER_FLAGS=  -O2 -c" "EXTRA_COMPILER_FLAGS=-mcpu=cortex-a9 -mfpu=vfpv3 -mfloat-abi=hard -nostartfiles -Wall -Wextra"
"Running Make include in ps7_cortexa9_0/libsrc/xadcps_v2_2/src"
make -C ps7_cortexa9_0/libsrc/xadcps_v2_2/src -s include  "SHELL=CMD" "COMPILER=arm-none-eabi-gcc" "ARCHIVER=arm-none-eabi-ar" "COMPILER_FLAGS=  -O2 -c" "EXTRA_COMPILER_FLAGS=-mcpu=cortex-a9 -mfpu=vfpv3 -mfloat-abi=hard -nostartfiles -Wall -Wextra"
"Running Make libs in ps7_cortexa9_0/libsrc/coresightps_dcc_v1_4/src"
make -C ps7_cortexa9_0/libsrc/coresightps_dcc_v1_4/src -s libs  "SHELL=CMD" "COMPILER=arm-none-eabi-gcc" "ARCHIVER=arm-none-eabi-ar" "COMPILER_FLAGS=  -O2 -c" "EXTRA_COMPILER_FLAGS=-mcpu=cortex-a9 -mfpu=vfpv3 -mfloat-abi=hard -nostartfiles -Wall -Wextra"
"Compiling coresightps_dcc"
arm-none-eabi-ar: creating ../../../lib/libxil.a
"Running Make libs in ps7_cortexa9_0/libsrc/cpu_cortexa9_v2_5/src"
make -C ps7_cortexa9_0/libsrc/cpu_cortexa9_v2_5/src -s libs  "SHELL=CMD" "COMPILER=arm-none-eabi-gcc" "ARCHIVER=arm-none-eabi-ar" "COMPILER_FLAGS=  -O2 -c" "EXTRA_COMPILER_FLAGS=-mcpu=cortex-a9 -mfpu=vfpv3 -mfloat-abi=hard -nostartfiles -Wall -Wextra"
"Compiling cpu_cortexa9"
"Running Make libs in ps7_cortexa9_0/libsrc/ddrps_v1_0/src"
make -C ps7_cortexa9_0/libsrc/ddrps_v1_0/src -s libs  "SHELL=CMD" "COMPILER=arm-none-eabi-gcc" "ARCHIVER=arm-none-eabi-ar" "COMPILER_FLAGS=  -O2 -c" "EXTRA_COMPILER_FLAGS=-mcpu=cortex-a9 -mfpu=vfpv3 -mfloat-abi=hard -nostartfiles -Wall -Wextra"
"Compiling ddrps"
"Running Make libs in ps7_cortexa9_0/libsrc/devcfg_v3_5/src"
make -C ps7_cortexa9_0/libsrc/devcfg_v3_5/src -s libs  "SHELL=CMD" "COMPILER=arm-none-eabi-gcc" "ARCHIVER=arm-none-eabi-ar" "COMPILER_FLAGS=  -O2 -c" "EXTRA_COMPILER_FLAGS=-mcpu=cortex-a9 -mfpu=vfpv3 -mfloat-abi=hard -nostartfiles -Wall -Wextra"
"Compiling devcfg"
"Running Make libs in ps7_cortexa9_0/libsrc/dmaps_v2_3/src"
make -C ps7_cortexa9_0/libsrc/dmaps_v2_3/src -s libs  "SHELL=CMD" "COMPILER=arm-none-eabi-gcc" "ARCHIVER=arm-none-eabi-ar" "COMPILER_FLAGS=  -O2 -c" "EXTRA_COMPILER_FLAGS=-mcpu=cortex-a9 -mfpu=vfpv3 -mfloat-abi=hard -nostartfiles -Wall -Wextra"
"Compiling dmaps"
"Running Make libs in ps7_cortexa9_0/libsrc/qspips_v3_4/src"
make -C ps7_cortexa9_0/libsrc/qspips_v3_4/src -s libs  "SHELL=CMD" "COMPILER=arm-none-eabi-gcc" "ARCHIVER=arm-none-eabi-ar" "COMPILER_FLAGS=  -O2 -c" "EXTRA_COMPILER_FLAGS=-mcpu=cortex-a9 -mfpu=vfpv3 -mfloat-abi=hard -nostartfiles -Wall -Wextra"
"Compiling qspips"
"Running Make libs in ps7_cortexa9_0/libsrc/scugic_v3_8/src"
make -C ps7_cortexa9_0/libsrc/scugic_v3_8/src -s libs  "SHELL=CMD" "COMPILER=arm-none-eabi-gcc" "ARCHIVER=arm-none-eabi-ar" "COMPILER_FLAGS=  -O2 -c" "EXTRA_COMPILER_FLAGS=-mcpu=cortex-a9 -mfpu=vfpv3 -mfloat-abi=hard -nostartfiles -Wall -Wextra"
"Compiling scugic"
"Running Make libs in ps7_cortexa9_0/libsrc/scutimer_v2_1/src"
make -C ps7_cortexa9_0/libsrc/scutimer_v2_1/src -s libs  "SHELL=CMD" "COMPILER=arm-none-eabi-gcc" "ARCHIVER=arm-none-eabi-ar" "COMPILER_FLAGS=  -O2 -c" "EXTRA_COMPILER_FLAGS=-mcpu=cortex-a9 -mfpu=vfpv3 -mfloat-abi=hard -nostartfiles -Wall -Wextra"
"Compiling scutimer"
"Running Make libs in ps7_cortexa9_0/libsrc/scuwdt_v2_1/src"
make -C ps7_cortexa9_0/libsrc/scuwdt_v2_1/src -s libs  "SHELL=CMD" "COMPILER=arm-none-eabi-gcc" "ARCHIVER=arm-none-eabi-ar" "COMPILER_FLAGS=  -O2 -c" "EXTRA_COMPILER_FLAGS=-mcpu=cortex-a9 -mfpu=vfpv3 -mfloat-abi=hard -nostartfiles -Wall -Wextra"
"Compiling scuwdt"
"Running Make libs in ps7_cortexa9_0/libsrc/standalone_v6_5/src"
make -C ps7_cortexa9_0/libsrc/standalone_v6_5/src -s libs  "SHELL=CMD" "COMPILER=arm-none-eabi-gcc" "ARCHIVER=arm-none-eabi-ar" "COMPILER_FLAGS=  -O2 -c" "EXTRA_COMPILER_FLAGS=-mcpu=cortex-a9 -mfpu=vfpv3 -mfloat-abi=hard -nostartfiles -Wall -Wextra"
"Compiling standalone"
"Running Make libs in ps7_cortexa9_0/libsrc/uartps_v3_5/src"
make -C ps7_cortexa9_0/libsrc/uartps_v3_5/src -s libs  "SHELL=CMD" "COMPILER=arm-none-eabi-gcc" "ARCHIVER=arm-none-eabi-ar" "COMPILER_FLAGS=  -O2 -c" "EXTRA_COMPILER_FLAGS=-mcpu=cortex-a9 -mfpu=vfpv3 -mfloat-abi=hard -nostartfiles -Wall -Wextra"
"Compiling uartps"
"Running Make libs in ps7_cortexa9_0/libsrc/xadcps_v2_2/src"
make -C ps7_cortexa9_0/libsrc/xadcps_v2_2/src -s libs  "SHELL=CMD" "COMPILER=arm-none-eabi-gcc" "ARCHIVER=arm-none-eabi-ar" "COMPILER_FLAGS=  -O2 -c" "EXTRA_COMPILER_FLAGS=-mcpu=cortex-a9 -mfpu=vfpv3 -mfloat-abi=hard -nostartfiles -Wall -Wextra"
"Compiling xadcps"
'Finished building libraries'
19:16:21 **** Build of configuration Debug for project ejercicio1 ****
make pre-build main-build 
a9-linaro-pre-build-step
' '
'Building file: ../src/main.cc'
'Invoking: ARM v7 g++ compiler'
arm-none-eabi-g++ -Wall -O0 -g3 -c -fmessage-length=0 -MT"src/main.o" -mcpu=cortex-a9 -mfpu=vfpv3 -mfloat-abi=hard -IC:/Users/alumno/digitales/ejercicio1/SW/ejercicio1_bsp/ps7_cortexa9_0/include -MMD -MP -MF"src/main.d" -MT"src/main.o" -o "src/main.o" "../src/main.cc"
'Finished building: ../src/main.cc'
' '
'Building file: ../ejercicio1_bsp/ps7_cortexa9_0/libsrc/xadcps_v2_2/src/xadcps.c'
'Invoking: ARM v7 g++ compiler'
arm-none-eabi-g++ -Wall -O0 -g3 -c -fmessage-length=0 -MT"ejercicio1_bsp/ps7_cortexa9_0/libsrc/xadcps_v2_2/src/xadcps.o" -mcpu=cortex-a9 -mfpu=vfpv3 -mfloat-abi=hard -IC:/Users/alumno/digitales/ejercicio1/SW/ejercicio1_bsp/ps7_cortexa9_0/include -MMD -MP -MF"ejercicio1_bsp/ps7_cortexa9_0/libsrc/xadcps_v2_2/src/xadcps.d" -MT"ejercicio1_bsp/ps7_cortexa9_0/libsrc/xadcps_v2_2/src/xadcps.o" -o "ejercicio1_bsp/ps7_cortexa9_0/libsrc/xadcps_v2_2/src/xadcps.o" "../ejercicio1_bsp/ps7_cortexa9_0/libsrc/xadcps_v2_2/src/xadcps.c"
'Finished building: ../ejercicio1_bsp/ps7_cortexa9_0/libsrc/xadcps_v2_2/src/xadcps.c'
' '
'Building file: ../ejercicio1_bsp/ps7_cortexa9_0/libsrc/xadcps_v2_2/src/xadcps_g.c'
'Invoking: ARM v7 g++ compiler'
arm-none-eabi-g++ -Wall -O0 -g3 -c -fmessage-length=0 -MT"ejercicio1_bsp/ps7_cortexa9_0/libsrc/xadcps_v2_2/src/xadcps_g.o" -mcpu=cortex-a9 -mfpu=vfpv3 -mfloat-abi=hard -IC:/Users/alumno/digitales/ejercicio1/SW/ejercicio1_bsp/ps7_cortexa9_0/include -MMD -MP -MF"ejercicio1_bsp/ps7_cortexa9_0/libsrc/xadcps_v2_2/src/xadcps_g.d" -MT"ejercicio1_bsp/ps7_cortexa9_0/libsrc/xadcps_v2_2/src/xadcps_g.o" -o "ejercicio1_bsp/ps7_cortexa9_0/libsrc/xadcps_v2_2/src/xadcps_g.o" "../ejercicio1_bsp/ps7_cortexa9_0/libsrc/xadcps_v2_2/src/xadcps_g.c"
'Finished building: ../ejercicio1_bsp/ps7_cortexa9_0/libsrc/xadcps_v2_2/src/xadcps_g.c'
' '
'Building file: ../ejercicio1_bsp/ps7_cortexa9_0/libsrc/xadcps_v2_2/src/xadcps_intr.c'
'Invoking: ARM v7 g++ compiler'
arm-none-eabi-g++ -Wall -O0 -g3 -c -fmessage-length=0 -MT"ejercicio1_bsp/ps7_cortexa9_0/libsrc/xadcps_v2_2/src/xadcps_intr.o" -mcpu=cortex-a9 -mfpu=vfpv3 -mfloat-abi=hard -IC:/Users/alumno/digitales/ejercicio1/SW/ejercicio1_bsp/ps7_cortexa9_0/include -MMD -MP -MF"ejercicio1_bsp/ps7_cortexa9_0/libsrc/xadcps_v2_2/src/xadcps_intr.d" -MT"ejercicio1_bsp/ps7_cortexa9_0/libsrc/xadcps_v2_2/src/xadcps_intr.o" -o "ejercicio1_bsp/ps7_cortexa9_0/libsrc/xadcps_v2_2/src/xadcps_intr.o" "../ejercicio1_bsp/ps7_cortexa9_0/libsrc/xadcps_v2_2/src/xadcps_intr.c"
'Finished building: ../ejercicio1_bsp/ps7_cortexa9_0/libsrc/xadcps_v2_2/src/xadcps_intr.c'
' '
'Building file: ../ejercicio1_bsp/ps7_cortexa9_0/libsrc/xadcps_v2_2/src/xadcps_selftest.c'
'Invoking: ARM v7 g++ compiler'
arm-none-eabi-g++ -Wall -O0 -g3 -c -fmessage-length=0 -MT"ejercicio1_bsp/ps7_cortexa9_0/libsrc/xadcps_v2_2/src/xadcps_selftest.o" -mcpu=cortex-a9 -mfpu=vfpv3 -mfloat-abi=hard -IC:/Users/alumno/digitales/ejercicio1/SW/ejercicio1_bsp/ps7_cortexa9_0/include -MMD -MP -MF"ejercicio1_bsp/ps7_cortexa9_0/libsrc/xadcps_v2_2/src/xadcps_selftest.d" -MT"ejercicio1_bsp/ps7_cortexa9_0/libsrc/xadcps_v2_2/src/xadcps_selftest.o" -o "ejercicio1_bsp/ps7_cortexa9_0/libsrc/xadcps_v2_2/src/xadcps_selftest.o" "../ejercicio1_bsp/ps7_cortexa9_0/libsrc/xadcps_v2_2/src/xadcps_selftest.c"
'Finished building: ../ejercicio1_bsp/ps7_cortexa9_0/libsrc/xadcps_v2_2/src/xadcps_selftest.c'
' '
'Building file: ../ejercicio1_bsp/ps7_cortexa9_0/libsrc/xadcps_v2_2/src/xadcps_sinit.c'
'Invoking: ARM v7 g++ compiler'
arm-none-eabi-g++ -Wall -O0 -g3 -c -fmessage-length=0 -MT"ejercicio1_bsp/ps7_cortexa9_0/libsrc/xadcps_v2_2/src/xadcps_sinit.o" -mcpu=cortex-a9 -mfpu=vfpv3 -mfloat-abi=hard -IC:/Users/alumno/digitales/ejercicio1/SW/ejercicio1_bsp/ps7_cortexa9_0/include -MMD -MP -MF"ejercicio1_bsp/ps7_cortexa9_0/libsrc/xadcps_v2_2/src/xadcps_sinit.d" -MT"ejercicio1_bsp/ps7_cortexa9_0/libsrc/xadcps_v2_2/src/xadcps_sinit.o" -o "ejercicio1_bsp/ps7_cortexa9_0/libsrc/xadcps_v2_2/src/xadcps_sinit.o" "../ejercicio1_bsp/ps7_cortexa9_0/libsrc/xadcps_v2_2/src/xadcps_sinit.c"
'Finished building: ../ejercicio1_bsp/ps7_cortexa9_0/libsrc/xadcps_v2_2/src/xadcps_sinit.c'
' '
'Building file: ../ejercicio1_bsp/ps7_cortexa9_0/libsrc/uartps_v3_5/src/xuartps.c'
'Invoking: ARM v7 g++ compiler'
arm-none-eabi-g++ -Wall -O0 -g3 -c -fmessage-length=0 -MT"ejercicio1_bsp/ps7_cortexa9_0/libsrc/uartps_v3_5/src/xuartps.o" -mcpu=cortex-a9 -mfpu=vfpv3 -mfloat-abi=hard -IC:/Users/alumno/digitales/ejercicio1/SW/ejercicio1_bsp/ps7_cortexa9_0/include -MMD -MP -MF"ejercicio1_bsp/ps7_cortexa9_0/libsrc/uartps_v3_5/src/xuartps.d" -MT"ejercicio1_bsp/ps7_cortexa9_0/libsrc/uartps_v3_5/src/xuartps.o" -o "ejercicio1_bsp/ps7_cortexa9_0/libsrc/uartps_v3_5/src/xuartps.o" "../ejercicio1_bsp/ps7_cortexa9_0/libsrc/uartps_v3_5/src/xuartps.c"
'Finished building: ../ejercicio1_bsp/ps7_cortexa9_0/libsrc/uartps_v3_5/src/xuartps.c'
' '
'Building file: ../ejercicio1_bsp/ps7_cortexa9_0/libsrc/uartps_v3_5/src/xuartps_g.c'
'Invoking: ARM v7 g++ compiler'
arm-none-eabi-g++ -Wall -O0 -g3 -c -fmessage-length=0 -MT"ejercicio1_bsp/ps7_cortexa9_0/libsrc/uartps_v3_5/src/xuartps_g.o" -mcpu=cortex-a9 -mfpu=vfpv3 -mfloat-abi=hard -IC:/Users/alumno/digitales/ejercicio1/SW/ejercicio1_bsp/ps7_cortexa9_0/include -MMD -MP -MF"ejercicio1_bsp/ps7_cortexa9_0/libsrc/uartps_v3_5/src/xuartps_g.d" -MT"ejercicio1_bsp/ps7_cortexa9_0/libsrc/uartps_v3_5/src/xuartps_g.o" -o "ejercicio1_bsp/ps7_cortexa9_0/libsrc/uartps_v3_5/src/xuartps_g.o" "../ejercicio1_bsp/ps7_cortexa9_0/libsrc/uartps_v3_5/src/xuartps_g.c"
'Finished building: ../ejercicio1_bsp/ps7_cortexa9_0/libsrc/uartps_v3_5/src/xuartps_g.c'
' '
'Building file: ../ejercicio1_bsp/ps7_cortexa9_0/libsrc/uartps_v3_5/src/xuartps_hw.c'
'Invoking: ARM v7 g++ compiler'
arm-none-eabi-g++ -Wall -O0 -g3 -c -fmessage-length=0 -MT"ejercicio1_bsp/ps7_cortexa9_0/libsrc/uartps_v3_5/src/xuartps_hw.o" -mcpu=cortex-a9 -mfpu=vfpv3 -mfloat-abi=hard -IC:/Users/alumno/digitales/ejercicio1/SW/ejercicio1_bsp/ps7_cortexa9_0/include -MMD -MP -MF"ejercicio1_bsp/ps7_cortexa9_0/libsrc/uartps_v3_5/src/xuartps_hw.d" -MT"ejercicio1_bsp/ps7_cortexa9_0/libsrc/uartps_v3_5/src/xuartps_hw.o" -o "ejercicio1_bsp/ps7_cortexa9_0/libsrc/uartps_v3_5/src/xuartps_hw.o" "../ejercicio1_bsp/ps7_cortexa9_0/libsrc/uartps_v3_5/src/xuartps_hw.c"
'Finished building: ../ejercicio1_bsp/ps7_cortexa9_0/libsrc/uartps_v3_5/src/xuartps_hw.c'
' '
'Building file: ../ejercicio1_bsp/ps7_cortexa9_0/libsrc/uartps_v3_5/src/xuartps_intr.c'
'Invoking: ARM v7 g++ compiler'
arm-none-eabi-g++ -Wall -O0 -g3 -c -fmessage-length=0 -MT"ejercicio1_bsp/ps7_cortexa9_0/libsrc/uartps_v3_5/src/xuartps_intr.o" -mcpu=cortex-a9 -mfpu=vfpv3 -mfloat-abi=hard -IC:/Users/alumno/digitales/ejercicio1/SW/ejercicio1_bsp/ps7_cortexa9_0/include -MMD -MP -MF"ejercicio1_bsp/ps7_cortexa9_0/libsrc/uartps_v3_5/src/xuartps_intr.d" -MT"ejercicio1_bsp/ps7_cortexa9_0/libsrc/uartps_v3_5/src/xuartps_intr.o" -o "ejercicio1_bsp/ps7_cortexa9_0/libsrc/uartps_v3_5/src/xuartps_intr.o" "../ejercicio1_bsp/ps7_cortexa9_0/libsrc/uartps_v3_5/src/xuartps_intr.c"
'Finished building: ../ejercicio1_bsp/ps7_cortexa9_0/libsrc/uartps_v3_5/src/xuartps_intr.c'
' '
'Building file: ../ejercicio1_bsp/ps7_cortexa9_0/libsrc/uartps_v3_5/src/xuartps_options.c'
'Invoking: ARM v7 g++ compiler'
arm-none-eabi-g++ -Wall -O0 -g3 -c -fmessage-length=0 -MT"ejercicio1_bsp/ps7_cortexa9_0/libsrc/uartps_v3_5/src/xuartps_options.o" -mcpu=cortex-a9 -mfpu=vfpv3 -mfloat-abi=hard -IC:/Users/alumno/digitales/ejercicio1/SW/ejercicio1_bsp/ps7_cortexa9_0/include -MMD -MP -MF"ejercicio1_bsp/ps7_cortexa9_0/libsrc/uartps_v3_5/src/xuartps_options.d" -MT"ejercicio1_bsp/ps7_cortexa9_0/libsrc/uartps_v3_5/src/xuartps_options.o" -o "ejercicio1_bsp/ps7_cortexa9_0/libsrc/uartps_v3_5/src/xuartps_options.o" "../ejercicio1_bsp/ps7_cortexa9_0/libsrc/uartps_v3_5/src/xuartps_options.c"
'Finished building: ../ejercicio1_bsp/ps7_cortexa9_0/libsrc/uartps_v3_5/src/xuartps_options.c'
' '
'Building file: ../ejercicio1_bsp/ps7_cortexa9_0/libsrc/uartps_v3_5/src/xuartps_selftest.c'
'Invoking: ARM v7 g++ compiler'
arm-none-eabi-g++ -Wall -O0 -g3 -c -fmessage-length=0 -MT"ejercicio1_bsp/ps7_cortexa9_0/libsrc/uartps_v3_5/src/xuartps_selftest.o" -mcpu=cortex-a9 -mfpu=vfpv3 -mfloat-abi=hard -IC:/Users/alumno/digitales/ejercicio1/SW/ejercicio1_bsp/ps7_cortexa9_0/include -MMD -MP -MF"ejercicio1_bsp/ps7_cortexa9_0/libsrc/uartps_v3_5/src/xuartps_selftest.d" -MT"ejercicio1_bsp/ps7_cortexa9_0/libsrc/uartps_v3_5/src/xuartps_selftest.o" -o "ejercicio1_bsp/ps7_cortexa9_0/libsrc/uartps_v3_5/src/xuartps_selftest.o" "../ejercicio1_bsp/ps7_cortexa9_0/libsrc/uartps_v3_5/src/xuartps_selftest.c"
'Finished building: ../ejercicio1_bsp/ps7_cortexa9_0/libsrc/uartps_v3_5/src/xuartps_selftest.c'
' '
'Building file: ../ejercicio1_bsp/ps7_cortexa9_0/libsrc/uartps_v3_5/src/xuartps_sinit.c'
'Invoking: ARM v7 g++ compiler'
arm-none-eabi-g++ -Wall -O0 -g3 -c -fmessage-length=0 -MT"ejercicio1_bsp/ps7_cortexa9_0/libsrc/uartps_v3_5/src/xuartps_sinit.o" -mcpu=cortex-a9 -mfpu=vfpv3 -mfloat-abi=hard -IC:/Users/alumno/digitales/ejercicio1/SW/ejercicio1_bsp/ps7_cortexa9_0/include -MMD -MP -MF"ejercicio1_bsp/ps7_cortexa9_0/libsrc/uartps_v3_5/src/xuartps_sinit.d" -MT"ejercicio1_bsp/ps7_cortexa9_0/libsrc/uartps_v3_5/src/xuartps_sinit.o" -o "ejercicio1_bsp/ps7_cortexa9_0/libsrc/uartps_v3_5/src/xuartps_sinit.o" "../ejercicio1_bsp/ps7_cortexa9_0/libsrc/uartps_v3_5/src/xuartps_sinit.c"
'Finished building: ../ejercicio1_bsp/ps7_cortexa9_0/libsrc/uartps_v3_5/src/xuartps_sinit.c'
' '
'Building file: ../ejercicio1_bsp/ps7_cortexa9_0/libsrc/standalone_v6_5/src/profile/_profile_clean.c'
'Invoking: ARM v7 g++ compiler'
arm-none-eabi-g++ -Wall -O0 -g3 -c -fmessage-length=0 -MT"ejercicio1_bsp/ps7_cortexa9_0/libsrc/standalone_v6_5/src/profile/_profile_clean.o" -mcpu=cortex-a9 -mfpu=vfpv3 -mfloat-abi=hard -IC:/Users/alumno/digitales/ejercicio1/SW/ejercicio1_bsp/ps7_cortexa9_0/include -MMD -MP -MF"ejercicio1_bsp/ps7_cortexa9_0/libsrc/standalone_v6_5/src/profile/_profile_clean.d" -MT"ejercicio1_bsp/ps7_cortexa9_0/libsrc/standalone_v6_5/src/profile/_profile_clean.o" -o "ejercicio1_bsp/ps7_cortexa9_0/libsrc/standalone_v6_5/src/profile/_profile_clean.o" "../ejercicio1_bsp/ps7_cortexa9_0/libsrc/standalone_v6_5/src/profile/_profile_clean.c"
In file included from ../ejercicio1_bsp/ps7_cortexa9_0/libsrc/standalone_v6_5/src/profile/_profile_clean.c:34:0:
../ejercicio1_bsp/ps7_cortexa9_0/libsrc/standalone_v6_5/src/profile/_profile_timer_hw.h:88:21: fatal error: xintc_l.h: No such file or directory
 #include "xintc_l.h"
                     ^
compilation terminated.
make: *** [ejercicio1_bsp/ps7_cortexa9_0/libsrc/standalone_v6_5/src/profile/_profile_clean.o] Error 1
