
*** Running vivado
    with args -log design_1_wrapper.vds -m64 -product Vivado -mode batch -messageDb vivado.pb -notrace -source design_1_wrapper.tcl


****** Vivado v2017.4 (64-bit)
  **** SW Build 2086221 on Fri Dec 15 20:55:39 MST 2017
  **** IP Build 2085800 on Fri Dec 15 22:25:07 MST 2017
    ** Copyright 1986-2017 Xilinx, Inc. All Rights Reserved.

source design_1_wrapper.tcl -notrace
INFO: [IP_Flow 19-234] Refreshing IP repositories
INFO: [IP_Flow 19-1704] No user IP repositories specified
INFO: [IP_Flow 19-2313] Loaded Vivado IP repository 'C:/Xilinx/Vivado/2017.4/data/ip'.
Command: synth_design -top design_1_wrapper -part xc7z020clg400-1
Starting synth_design
Attempting to get a license for feature 'Synthesis' and/or device 'xc7z020'
INFO: [Common 17-349] Got license for feature 'Synthesis' and/or device 'xc7z020'
INFO: Launching helper process for spawning children vivado processes
INFO: Helper process launched with PID 12924 
---------------------------------------------------------------------------------
Starting RTL Elaboration : Time (s): cpu = 00:00:03 ; elapsed = 00:00:03 . Memory (MB): peak = 415.168 ; gain = 103.254
---------------------------------------------------------------------------------
INFO: [Synth 8-638] synthesizing module 'design_1_wrapper' [C:/Users/alumno/digitales/clase3/HW/clase3.srcs/sources_1/bd/design_1/hdl/design_1_wrapper.vhd:40]
INFO: [Synth 8-3491] module 'design_1' declared at 'C:/Users/alumno/digitales/clase3/HW/clase3.srcs/sources_1/bd/design_1/synth/design_1.vhd:14' bound to instance 'design_1_i' of component 'design_1' [C:/Users/alumno/digitales/clase3/HW/clase3.srcs/sources_1/bd/design_1/hdl/design_1_wrapper.vhd:67]
INFO: [Synth 8-638] synthesizing module 'design_1' [C:/Users/alumno/digitales/clase3/HW/clase3.srcs/sources_1/bd/design_1/synth/design_1.vhd:44]
INFO: [Synth 8-3491] module 'design_1_processing_system7_0_0' declared at 'C:/Users/alumno/digitales/clase3/HW/clase3.runs/synth_1/.Xil/Vivado-15144-Puesto06-L06/realtime/design_1_processing_system7_0_0_stub.vhdl:5' bound to instance 'processing_system7_0' of component 'design_1_processing_system7_0_0' [C:/Users/alumno/digitales/clase3/HW/clase3.srcs/sources_1/bd/design_1/synth/design_1.vhd:121]
INFO: [Synth 8-638] synthesizing module 'design_1_processing_system7_0_0' [C:/Users/alumno/digitales/clase3/HW/clase3.runs/synth_1/.Xil/Vivado-15144-Puesto06-L06/realtime/design_1_processing_system7_0_0_stub.vhdl:34]
INFO: [Synth 8-256] done synthesizing module 'design_1' (1#1) [C:/Users/alumno/digitales/clase3/HW/clase3.srcs/sources_1/bd/design_1/synth/design_1.vhd:44]
INFO: [Synth 8-256] done synthesizing module 'design_1_wrapper' (2#1) [C:/Users/alumno/digitales/clase3/HW/clase3.srcs/sources_1/bd/design_1/hdl/design_1_wrapper.vhd:40]
---------------------------------------------------------------------------------
Finished RTL Elaboration : Time (s): cpu = 00:00:03 ; elapsed = 00:00:04 . Memory (MB): peak = 467.215 ; gain = 155.301
---------------------------------------------------------------------------------

Report Check Netlist: 
+------+------------------+-------+---------+-------+------------------+
|      |Item              |Errors |Warnings |Status |Description       |
+------+------------------+-------+---------+-------+------------------+
|1     |multi_driven_nets |      0|        0|Passed |Multi driven nets |
+------+------------------+-------+---------+-------+------------------+
---------------------------------------------------------------------------------
Finished RTL Optimization Phase 1 : Time (s): cpu = 00:00:03 ; elapsed = 00:00:04 . Memory (MB): peak = 467.215 ; gain = 155.301
---------------------------------------------------------------------------------
