19:19:36 INFO  : Registering command handlers for SDK TCF services
19:19:36 INFO  : Launching XSCT server: xsct.bat -interactive C:\Users\alumno\digitales\ejercicio1\SW\temp_xsdb_launch_script.tcl
19:19:37 INFO  : XSCT server has started successfully.
19:19:38 INFO  : Successfully done setting XSCT server connection channel  
19:19:38 INFO  : Successfully done setting SDK workspace  
19:19:38 INFO  : Processing command line option -hwspec C:/Users/alumno/digitales/ejercicio1/SW/design_1_wrapper.hdf.
19:54:52 INFO  : Registering command handlers for SDK TCF services
19:54:52 INFO  : Launching XSCT server: xsct.bat -interactive C:\Users\alumno\digitales\ejercicio1\SW\temp_xsdb_launch_script.tcl
19:54:53 INFO  : XSCT server has started successfully.
19:54:53 INFO  : Successfully done setting XSCT server connection channel  
19:54:53 INFO  : Successfully done setting SDK workspace  
19:54:53 INFO  : Processing command line option -hwspec C:/Users/alumno/digitales/ejercicio1/SW/design_1_wrapper.hdf.
19:54:53 INFO  : Checking for hwspec changes in the project design_1_wrapper_hw_platform_0.
20:21:41 INFO  : Registering command handlers for SDK TCF services
20:21:42 INFO  : Launching XSCT server: xsct.bat -interactive C:\Users\alumno\digitales\ejercicio1\SW\temp_xsdb_launch_script.tcl
20:21:44 INFO  : XSCT server has started successfully.
20:21:46 INFO  : Successfully done setting XSCT server connection channel  
20:21:46 INFO  : Successfully done setting SDK workspace  
20:21:46 INFO  : Processing command line option -hwspec C:/Users/alumno/digitales/ejercicio1/SW/design_1_wrapper.hdf.
20:21:46 INFO  : Checking for hwspec changes in the project design_1_wrapper_hw_platform_0.
20:53:01 INFO  : 'targets -set -filter {jtag_cable_name =~ "Digilent Zybo Z7 210351AD6799A" && level==0} -index 1' command is executed.
20:53:01 INFO  : 'fpga -state' command is executed.
20:53:12 INFO  : Connected to target on host '127.0.0.1' and port '3121'.
20:53:12 INFO  : Jtag cable 'Digilent Zybo Z7 210351AD6799A' is selected.
20:53:12 INFO  : 'jtag frequency' command is executed.
20:53:12 INFO  : Sourcing of 'C:/Users/alumno/digitales/ejercicio1/SW/design_1_wrapper_hw_platform_0/ps7_init.tcl' is done.
20:53:12 INFO  : Context for 'APU' is selected.
20:53:13 INFO  : Hardware design information is loaded from 'C:/Users/alumno/digitales/ejercicio1/SW/design_1_wrapper_hw_platform_0/system.hdf'.
20:53:13 INFO  : 'configparams force-mem-access 1' command is executed.
20:53:13 INFO  : Context for 'APU' is selected.
20:53:13 INFO  : 'stop' command is executed.
20:53:13 INFO  : 'ps7_init' command is executed.
20:53:13 INFO  : 'ps7_post_config' command is executed.
20:53:13 INFO  : Context for processor 'ps7_cortexa9_0' is selected.
20:53:13 INFO  : Processor reset is completed for 'ps7_cortexa9_0'.
20:53:13 INFO  : Context for processor 'ps7_cortexa9_0' is selected.
20:53:13 INFO  : The application 'C:/Users/alumno/digitales/ejercicio1/SW/ejercicio1/Debug/ejercicio1.elf' is downloaded to processor 'ps7_cortexa9_0'.
20:53:13 INFO  : 'configparams force-mem-access 0' command is executed.
20:53:13 INFO  : ----------------XSDB Script----------------
connect -url tcp:127.0.0.1:3121
source C:/Users/alumno/digitales/ejercicio1/SW/design_1_wrapper_hw_platform_0/ps7_init.tcl
targets -set -nocase -filter {name =~"APU*" && jtag_cable_name =~ "Digilent Zybo Z7 210351AD6799A"} -index 0
loadhw -hw C:/Users/alumno/digitales/ejercicio1/SW/design_1_wrapper_hw_platform_0/system.hdf -mem-ranges [list {0x40000000 0xbfffffff}]
configparams force-mem-access 1
targets -set -nocase -filter {name =~"APU*" && jtag_cable_name =~ "Digilent Zybo Z7 210351AD6799A"} -index 0
stop
ps7_init
ps7_post_config
targets -set -nocase -filter {name =~ "ARM*#0" && jtag_cable_name =~ "Digilent Zybo Z7 210351AD6799A"} -index 0
rst -processor
targets -set -nocase -filter {name =~ "ARM*#0" && jtag_cable_name =~ "Digilent Zybo Z7 210351AD6799A"} -index 0
dow C:/Users/alumno/digitales/ejercicio1/SW/ejercicio1/Debug/ejercicio1.elf
configparams force-mem-access 0
----------------End of Script----------------

20:53:13 INFO  : Memory regions updated for context APU
20:53:13 INFO  : Context for processor 'ps7_cortexa9_0' is selected.
20:53:13 INFO  : 'con' command is executed.
20:53:13 INFO  : ----------------XSDB Script (After Launch)----------------
targets -set -nocase -filter {name =~ "ARM*#0" && jtag_cable_name =~ "Digilent Zybo Z7 210351AD6799A"} -index 0
con
----------------End of Script----------------

20:53:13 INFO  : Launch script is exported to file 'C:\Users\alumno\digitales\ejercicio1\SW\.sdk\launch_scripts\xilinx_c-c++_application_(system_debugger)\system_debugger_using_debug_ejercicio1.elf_on_local.tcl'
20:53:34 INFO  : Disconnected from the channel tcfchan#1.
20:53:35 INFO  : 'targets -set -filter {jtag_cable_name =~ "Digilent Zybo Z7 210351AD6799A" && level==0} -index 1' command is executed.
20:53:35 INFO  : 'fpga -state' command is executed.
20:53:37 INFO  : Connected to target on host '127.0.0.1' and port '3121'.
20:53:37 INFO  : Jtag cable 'Digilent Zybo Z7 210351AD6799A' is selected.
20:53:37 INFO  : 'jtag frequency' command is executed.
20:53:37 INFO  : Sourcing of 'C:/Users/alumno/digitales/ejercicio1/SW/design_1_wrapper_hw_platform_0/ps7_init.tcl' is done.
20:53:37 INFO  : Context for 'APU' is selected.
20:53:38 INFO  : Hardware design information is loaded from 'C:/Users/alumno/digitales/ejercicio1/SW/design_1_wrapper_hw_platform_0/system.hdf'.
20:53:38 INFO  : 'configparams force-mem-access 1' command is executed.
20:53:38 INFO  : Context for 'APU' is selected.
20:53:38 INFO  : 'stop' command is executed.
20:53:38 INFO  : 'ps7_init' command is executed.
20:53:38 INFO  : 'ps7_post_config' command is executed.
20:53:38 INFO  : Context for processor 'ps7_cortexa9_0' is selected.
20:53:38 INFO  : Processor reset is completed for 'ps7_cortexa9_0'.
20:53:38 INFO  : Context for processor 'ps7_cortexa9_0' is selected.
20:53:39 INFO  : The application 'C:/Users/alumno/digitales/ejercicio1/SW/ejercicio1/Debug/ejercicio1.elf' is downloaded to processor 'ps7_cortexa9_0'.
20:53:39 INFO  : 'configparams force-mem-access 0' command is executed.
20:53:39 INFO  : ----------------XSDB Script----------------
connect -url tcp:127.0.0.1:3121
source C:/Users/alumno/digitales/ejercicio1/SW/design_1_wrapper_hw_platform_0/ps7_init.tcl
targets -set -nocase -filter {name =~"APU*" && jtag_cable_name =~ "Digilent Zybo Z7 210351AD6799A"} -index 0
loadhw -hw C:/Users/alumno/digitales/ejercicio1/SW/design_1_wrapper_hw_platform_0/system.hdf -mem-ranges [list {0x40000000 0xbfffffff}]
configparams force-mem-access 1
targets -set -nocase -filter {name =~"APU*" && jtag_cable_name =~ "Digilent Zybo Z7 210351AD6799A"} -index 0
stop
ps7_init
ps7_post_config
targets -set -nocase -filter {name =~ "ARM*#0" && jtag_cable_name =~ "Digilent Zybo Z7 210351AD6799A"} -index 0
rst -processor
targets -set -nocase -filter {name =~ "ARM*#0" && jtag_cable_name =~ "Digilent Zybo Z7 210351AD6799A"} -index 0
dow C:/Users/alumno/digitales/ejercicio1/SW/ejercicio1/Debug/ejercicio1.elf
configparams force-mem-access 0
----------------End of Script----------------

20:53:39 INFO  : Memory regions updated for context APU
20:53:39 INFO  : Context for processor 'ps7_cortexa9_0' is selected.
20:53:39 INFO  : 'con' command is executed.
20:53:39 INFO  : ----------------XSDB Script (After Launch)----------------
targets -set -nocase -filter {name =~ "ARM*#0" && jtag_cable_name =~ "Digilent Zybo Z7 210351AD6799A"} -index 0
con
----------------End of Script----------------

20:53:39 INFO  : Launch script is exported to file 'C:\Users\alumno\digitales\ejercicio1\SW\.sdk\launch_scripts\xilinx_c-c++_application_(system_debugger)\system_debugger_using_debug_ejercicio1.elf_on_local.tcl'
20:54:01 INFO  : Connected to target on host '127.0.0.1' and port '3121'.
20:54:01 INFO  : 'targets -set -filter {jtag_cable_name =~ "Digilent Zybo Z7 210351AD6799A" && level==0} -index 1' command is executed.
20:54:04 INFO  : FPGA configured successfully with bitstream "C:/Users/alumno/digitales/ejercicio1/SW/design_1_wrapper_hw_platform_0/design_1_wrapper.bit"
20:54:11 INFO  : Disconnected from the channel tcfchan#2.
20:54:12 INFO  : 'targets -set -filter {jtag_cable_name =~ "Digilent Zybo Z7 210351AD6799A" && level==0} -index 1' command is executed.
20:54:12 INFO  : 'fpga -state' command is executed.
20:54:12 INFO  : Connected to target on host '127.0.0.1' and port '3121'.
20:54:12 INFO  : Jtag cable 'Digilent Zybo Z7 210351AD6799A' is selected.
20:54:12 INFO  : 'jtag frequency' command is executed.
20:54:12 INFO  : Sourcing of 'C:/Users/alumno/digitales/ejercicio1/SW/design_1_wrapper_hw_platform_0/ps7_init.tcl' is done.
20:54:12 INFO  : Context for 'APU' is selected.
20:54:13 INFO  : Hardware design information is loaded from 'C:/Users/alumno/digitales/ejercicio1/SW/design_1_wrapper_hw_platform_0/system.hdf'.
20:54:13 INFO  : 'configparams force-mem-access 1' command is executed.
20:54:13 INFO  : Context for 'APU' is selected.
20:54:13 INFO  : 'stop' command is executed.
20:54:13 INFO  : 'ps7_init' command is executed.
20:54:13 INFO  : 'ps7_post_config' command is executed.
20:54:13 INFO  : Context for processor 'ps7_cortexa9_0' is selected.
20:54:13 INFO  : Processor reset is completed for 'ps7_cortexa9_0'.
20:54:13 INFO  : Context for processor 'ps7_cortexa9_0' is selected.
20:54:13 INFO  : The application 'C:/Users/alumno/digitales/ejercicio1/SW/ejercicio1/Debug/ejercicio1.elf' is downloaded to processor 'ps7_cortexa9_0'.
20:54:13 INFO  : 'configparams force-mem-access 0' command is executed.
20:54:13 INFO  : ----------------XSDB Script----------------
connect -url tcp:127.0.0.1:3121
source C:/Users/alumno/digitales/ejercicio1/SW/design_1_wrapper_hw_platform_0/ps7_init.tcl
targets -set -nocase -filter {name =~"APU*" && jtag_cable_name =~ "Digilent Zybo Z7 210351AD6799A"} -index 0
loadhw -hw C:/Users/alumno/digitales/ejercicio1/SW/design_1_wrapper_hw_platform_0/system.hdf -mem-ranges [list {0x40000000 0xbfffffff}]
configparams force-mem-access 1
targets -set -nocase -filter {name =~"APU*" && jtag_cable_name =~ "Digilent Zybo Z7 210351AD6799A"} -index 0
stop
ps7_init
ps7_post_config
targets -set -nocase -filter {name =~ "ARM*#0" && jtag_cable_name =~ "Digilent Zybo Z7 210351AD6799A"} -index 0
rst -processor
targets -set -nocase -filter {name =~ "ARM*#0" && jtag_cable_name =~ "Digilent Zybo Z7 210351AD6799A"} -index 0
dow C:/Users/alumno/digitales/ejercicio1/SW/ejercicio1/Debug/ejercicio1.elf
configparams force-mem-access 0
----------------End of Script----------------

20:54:14 INFO  : Memory regions updated for context APU
20:54:14 INFO  : Context for processor 'ps7_cortexa9_0' is selected.
20:54:14 INFO  : 'con' command is executed.
20:54:14 INFO  : ----------------XSDB Script (After Launch)----------------
targets -set -nocase -filter {name =~ "ARM*#0" && jtag_cable_name =~ "Digilent Zybo Z7 210351AD6799A"} -index 0
con
----------------End of Script----------------

20:54:14 INFO  : Launch script is exported to file 'C:\Users\alumno\digitales\ejercicio1\SW\.sdk\launch_scripts\xilinx_c-c++_application_(system_debugger)\system_debugger_using_debug_ejercicio1.elf_on_local.tcl'
20:55:24 INFO  : Disconnected from the channel tcfchan#3.
20:55:26 INFO  : 'targets -set -filter {jtag_cable_name =~ "Digilent Zybo Z7 210351AD6799A" && level==0} -index 1' command is executed.
20:55:26 INFO  : 'fpga -state' command is executed.
20:55:26 INFO  : Connected to target on host '127.0.0.1' and port '3121'.
20:55:26 INFO  : Jtag cable 'Digilent Zybo Z7 210351AD6799A' is selected.
20:55:26 INFO  : 'jtag frequency' command is executed.
20:55:26 INFO  : Sourcing of 'C:/Users/alumno/digitales/ejercicio1/SW/design_1_wrapper_hw_platform_0/ps7_init.tcl' is done.
20:55:26 INFO  : Context for 'APU' is selected.
20:55:26 INFO  : Hardware design information is loaded from 'C:/Users/alumno/digitales/ejercicio1/SW/design_1_wrapper_hw_platform_0/system.hdf'.
20:55:26 INFO  : 'configparams force-mem-access 1' command is executed.
20:55:26 INFO  : Context for 'APU' is selected.
20:55:26 INFO  : 'stop' command is executed.
20:55:27 INFO  : 'ps7_init' command is executed.
20:55:27 INFO  : 'ps7_post_config' command is executed.
20:55:27 INFO  : Context for processor 'ps7_cortexa9_0' is selected.
20:55:27 INFO  : Processor reset is completed for 'ps7_cortexa9_0'.
20:55:27 INFO  : Context for processor 'ps7_cortexa9_0' is selected.
20:55:27 INFO  : The application 'C:/Users/alumno/digitales/ejercicio1/SW/ejercicio1/Debug/ejercicio1.elf' is downloaded to processor 'ps7_cortexa9_0'.
20:55:27 INFO  : 'configparams force-mem-access 0' command is executed.
20:55:27 INFO  : ----------------XSDB Script----------------
connect -url tcp:127.0.0.1:3121
source C:/Users/alumno/digitales/ejercicio1/SW/design_1_wrapper_hw_platform_0/ps7_init.tcl
targets -set -nocase -filter {name =~"APU*" && jtag_cable_name =~ "Digilent Zybo Z7 210351AD6799A"} -index 0
loadhw -hw C:/Users/alumno/digitales/ejercicio1/SW/design_1_wrapper_hw_platform_0/system.hdf -mem-ranges [list {0x40000000 0xbfffffff}]
configparams force-mem-access 1
targets -set -nocase -filter {name =~"APU*" && jtag_cable_name =~ "Digilent Zybo Z7 210351AD6799A"} -index 0
stop
ps7_init
ps7_post_config
targets -set -nocase -filter {name =~ "ARM*#0" && jtag_cable_name =~ "Digilent Zybo Z7 210351AD6799A"} -index 0
rst -processor
targets -set -nocase -filter {name =~ "ARM*#0" && jtag_cable_name =~ "Digilent Zybo Z7 210351AD6799A"} -index 0
dow C:/Users/alumno/digitales/ejercicio1/SW/ejercicio1/Debug/ejercicio1.elf
configparams force-mem-access 0
----------------End of Script----------------

20:55:27 INFO  : Memory regions updated for context APU
20:55:27 INFO  : Context for processor 'ps7_cortexa9_0' is selected.
20:55:27 INFO  : 'con' command is executed.
20:55:27 INFO  : ----------------XSDB Script (After Launch)----------------
targets -set -nocase -filter {name =~ "ARM*#0" && jtag_cable_name =~ "Digilent Zybo Z7 210351AD6799A"} -index 0
con
----------------End of Script----------------

20:55:27 INFO  : Launch script is exported to file 'C:\Users\alumno\digitales\ejercicio1\SW\.sdk\launch_scripts\xilinx_c-c++_application_(system_debugger)\system_debugger_using_debug_ejercicio1.elf_on_local.tcl'
20:55:38 INFO  : Connected to target on host '127.0.0.1' and port '3121'.
20:55:52 INFO  : Connected to target on host '127.0.0.1' and port '3121'.
20:55:52 INFO  : 'targets -set -filter {jtag_cable_name =~ "Digilent Zybo Z7 210351AD6799A" && level==0} -index 1' command is executed.
20:55:54 INFO  : FPGA configured successfully with bitstream "C:/Users/alumno/digitales/ejercicio1/SW/design_1_wrapper_hw_platform_0/design_1_wrapper.bit"
20:56:00 INFO  : Disconnected from the channel tcfchan#4.
20:56:01 INFO  : 'targets -set -filter {jtag_cable_name =~ "Digilent Zybo Z7 210351AD6799A" && level==0} -index 1' command is executed.
20:56:01 INFO  : 'fpga -state' command is executed.
20:56:01 INFO  : Connected to target on host '127.0.0.1' and port '3121'.
20:56:01 INFO  : Jtag cable 'Digilent Zybo Z7 210351AD6799A' is selected.
20:56:01 INFO  : 'jtag frequency' command is executed.
20:56:01 INFO  : Sourcing of 'C:/Users/alumno/digitales/ejercicio1/SW/design_1_wrapper_hw_platform_0/ps7_init.tcl' is done.
20:56:01 INFO  : Context for 'APU' is selected.
20:56:02 INFO  : Hardware design information is loaded from 'C:/Users/alumno/digitales/ejercicio1/SW/design_1_wrapper_hw_platform_0/system.hdf'.
20:56:02 INFO  : 'configparams force-mem-access 1' command is executed.
20:56:02 INFO  : Context for 'APU' is selected.
20:56:02 INFO  : 'stop' command is executed.
20:56:02 INFO  : 'ps7_init' command is executed.
20:56:02 INFO  : 'ps7_post_config' command is executed.
20:56:02 INFO  : Context for processor 'ps7_cortexa9_0' is selected.
20:56:02 INFO  : Processor reset is completed for 'ps7_cortexa9_0'.
20:56:02 INFO  : Context for processor 'ps7_cortexa9_0' is selected.
20:56:02 INFO  : The application 'C:/Users/alumno/digitales/ejercicio1/SW/ejercicio1/Debug/ejercicio1.elf' is downloaded to processor 'ps7_cortexa9_0'.
20:56:02 INFO  : 'configparams force-mem-access 0' command is executed.
20:56:02 INFO  : ----------------XSDB Script----------------
connect -url tcp:127.0.0.1:3121
source C:/Users/alumno/digitales/ejercicio1/SW/design_1_wrapper_hw_platform_0/ps7_init.tcl
targets -set -nocase -filter {name =~"APU*" && jtag_cable_name =~ "Digilent Zybo Z7 210351AD6799A"} -index 0
loadhw -hw C:/Users/alumno/digitales/ejercicio1/SW/design_1_wrapper_hw_platform_0/system.hdf -mem-ranges [list {0x40000000 0xbfffffff}]
configparams force-mem-access 1
targets -set -nocase -filter {name =~"APU*" && jtag_cable_name =~ "Digilent Zybo Z7 210351AD6799A"} -index 0
stop
ps7_init
ps7_post_config
targets -set -nocase -filter {name =~ "ARM*#0" && jtag_cable_name =~ "Digilent Zybo Z7 210351AD6799A"} -index 0
rst -processor
targets -set -nocase -filter {name =~ "ARM*#0" && jtag_cable_name =~ "Digilent Zybo Z7 210351AD6799A"} -index 0
dow C:/Users/alumno/digitales/ejercicio1/SW/ejercicio1/Debug/ejercicio1.elf
configparams force-mem-access 0
----------------End of Script----------------

20:56:02 INFO  : Memory regions updated for context APU
20:56:02 INFO  : Context for processor 'ps7_cortexa9_0' is selected.
20:56:02 INFO  : 'con' command is executed.
20:56:02 INFO  : ----------------XSDB Script (After Launch)----------------
targets -set -nocase -filter {name =~ "ARM*#0" && jtag_cable_name =~ "Digilent Zybo Z7 210351AD6799A"} -index 0
con
----------------End of Script----------------

20:56:02 INFO  : Launch script is exported to file 'C:\Users\alumno\digitales\ejercicio1\SW\.sdk\launch_scripts\xilinx_c-c++_application_(system_debugger)\system_debugger_using_debug_ejercicio1.elf_on_local.tcl'
20:59:07 INFO  : Disconnected from the channel tcfchan#5.
20:59:08 INFO  : 'targets -set -filter {jtag_cable_name =~ "Digilent Zybo Z7 210351AD6799A" && level==0} -index 1' command is executed.
20:59:08 INFO  : 'fpga -state' command is executed.
20:59:08 INFO  : Connected to target on host '127.0.0.1' and port '3121'.
20:59:09 INFO  : Jtag cable 'Digilent Zybo Z7 210351AD6799A' is selected.
20:59:09 INFO  : 'jtag frequency' command is executed.
20:59:09 INFO  : Sourcing of 'C:/Users/alumno/digitales/ejercicio1/SW/design_1_wrapper_hw_platform_0/ps7_init.tcl' is done.
20:59:09 INFO  : Context for 'APU' is selected.
20:59:09 INFO  : Hardware design information is loaded from 'C:/Users/alumno/digitales/ejercicio1/SW/design_1_wrapper_hw_platform_0/system.hdf'.
20:59:09 INFO  : 'configparams force-mem-access 1' command is executed.
20:59:09 INFO  : Context for 'APU' is selected.
20:59:09 INFO  : 'stop' command is executed.
20:59:10 INFO  : 'ps7_init' command is executed.
20:59:10 INFO  : 'ps7_post_config' command is executed.
20:59:10 INFO  : Context for processor 'ps7_cortexa9_0' is selected.
20:59:10 INFO  : Processor reset is completed for 'ps7_cortexa9_0'.
20:59:10 INFO  : Context for processor 'ps7_cortexa9_0' is selected.
20:59:10 INFO  : The application 'C:/Users/alumno/digitales/ejercicio1/SW/ejercicio1/Debug/ejercicio1.elf' is downloaded to processor 'ps7_cortexa9_0'.
20:59:10 INFO  : 'configparams force-mem-access 0' command is executed.
20:59:10 INFO  : ----------------XSDB Script----------------
connect -url tcp:127.0.0.1:3121
source C:/Users/alumno/digitales/ejercicio1/SW/design_1_wrapper_hw_platform_0/ps7_init.tcl
targets -set -nocase -filter {name =~"APU*" && jtag_cable_name =~ "Digilent Zybo Z7 210351AD6799A"} -index 0
loadhw -hw C:/Users/alumno/digitales/ejercicio1/SW/design_1_wrapper_hw_platform_0/system.hdf -mem-ranges [list {0x40000000 0xbfffffff}]
configparams force-mem-access 1
targets -set -nocase -filter {name =~"APU*" && jtag_cable_name =~ "Digilent Zybo Z7 210351AD6799A"} -index 0
stop
ps7_init
ps7_post_config
targets -set -nocase -filter {name =~ "ARM*#0" && jtag_cable_name =~ "Digilent Zybo Z7 210351AD6799A"} -index 0
rst -processor
targets -set -nocase -filter {name =~ "ARM*#0" && jtag_cable_name =~ "Digilent Zybo Z7 210351AD6799A"} -index 0
dow C:/Users/alumno/digitales/ejercicio1/SW/ejercicio1/Debug/ejercicio1.elf
configparams force-mem-access 0
----------------End of Script----------------

20:59:10 INFO  : Memory regions updated for context APU
20:59:10 INFO  : Context for processor 'ps7_cortexa9_0' is selected.
20:59:10 INFO  : 'con' command is executed.
20:59:10 INFO  : ----------------XSDB Script (After Launch)----------------
targets -set -nocase -filter {name =~ "ARM*#0" && jtag_cable_name =~ "Digilent Zybo Z7 210351AD6799A"} -index 0
con
----------------End of Script----------------

20:59:10 INFO  : Launch script is exported to file 'C:\Users\alumno\digitales\ejercicio1\SW\.sdk\launch_scripts\xilinx_c-c++_application_(system_debugger)\system_debugger_using_debug_ejercicio1.elf_on_local.tcl'
20:59:54 INFO  : Disconnected from the channel tcfchan#6.
20:59:55 INFO  : 'targets -set -filter {jtag_cable_name =~ "Digilent Zybo Z7 210351AD6799A" && level==0} -index 1' command is executed.
20:59:55 INFO  : 'fpga -state' command is executed.
20:59:55 INFO  : Connected to target on host '127.0.0.1' and port '3121'.
20:59:55 INFO  : Jtag cable 'Digilent Zybo Z7 210351AD6799A' is selected.
20:59:55 INFO  : 'jtag frequency' command is executed.
20:59:55 INFO  : Sourcing of 'C:/Users/alumno/digitales/ejercicio1/SW/design_1_wrapper_hw_platform_0/ps7_init.tcl' is done.
20:59:55 INFO  : Context for 'APU' is selected.
20:59:56 INFO  : Hardware design information is loaded from 'C:/Users/alumno/digitales/ejercicio1/SW/design_1_wrapper_hw_platform_0/system.hdf'.
20:59:56 INFO  : 'configparams force-mem-access 1' command is executed.
20:59:56 INFO  : Context for 'APU' is selected.
20:59:56 INFO  : 'stop' command is executed.
20:59:56 INFO  : 'ps7_init' command is executed.
20:59:56 INFO  : 'ps7_post_config' command is executed.
20:59:56 INFO  : Context for processor 'ps7_cortexa9_0' is selected.
20:59:56 INFO  : Processor reset is completed for 'ps7_cortexa9_0'.
20:59:56 INFO  : Context for processor 'ps7_cortexa9_0' is selected.
20:59:56 INFO  : The application 'C:/Users/alumno/digitales/ejercicio1/SW/ejercicio1/Debug/ejercicio1.elf' is downloaded to processor 'ps7_cortexa9_0'.
20:59:56 INFO  : 'configparams force-mem-access 0' command is executed.
20:59:56 INFO  : ----------------XSDB Script----------------
connect -url tcp:127.0.0.1:3121
source C:/Users/alumno/digitales/ejercicio1/SW/design_1_wrapper_hw_platform_0/ps7_init.tcl
targets -set -nocase -filter {name =~"APU*" && jtag_cable_name =~ "Digilent Zybo Z7 210351AD6799A"} -index 0
loadhw -hw C:/Users/alumno/digitales/ejercicio1/SW/design_1_wrapper_hw_platform_0/system.hdf -mem-ranges [list {0x40000000 0xbfffffff}]
configparams force-mem-access 1
targets -set -nocase -filter {name =~"APU*" && jtag_cable_name =~ "Digilent Zybo Z7 210351AD6799A"} -index 0
stop
ps7_init
ps7_post_config
targets -set -nocase -filter {name =~ "ARM*#0" && jtag_cable_name =~ "Digilent Zybo Z7 210351AD6799A"} -index 0
rst -processor
targets -set -nocase -filter {name =~ "ARM*#0" && jtag_cable_name =~ "Digilent Zybo Z7 210351AD6799A"} -index 0
dow C:/Users/alumno/digitales/ejercicio1/SW/ejercicio1/Debug/ejercicio1.elf
configparams force-mem-access 0
----------------End of Script----------------

20:59:56 INFO  : Memory regions updated for context APU
20:59:56 INFO  : Context for processor 'ps7_cortexa9_0' is selected.
20:59:56 INFO  : 'con' command is executed.
20:59:56 INFO  : ----------------XSDB Script (After Launch)----------------
targets -set -nocase -filter {name =~ "ARM*#0" && jtag_cable_name =~ "Digilent Zybo Z7 210351AD6799A"} -index 0
con
----------------End of Script----------------

20:59:56 INFO  : Launch script is exported to file 'C:\Users\alumno\digitales\ejercicio1\SW\.sdk\launch_scripts\xilinx_c-c++_application_(system_debugger)\system_debugger_using_debug_ejercicio1.elf_on_local.tcl'
21:01:09 INFO  : Connected to target on host '127.0.0.1' and port '3121'.
21:01:09 INFO  : 'targets -set -filter {jtag_cable_name =~ "Digilent Zybo Z7 210351AD6799A" && level==0} -index 1' command is executed.
21:01:11 INFO  : FPGA configured successfully with bitstream "C:/Users/alumno/digitales/ejercicio1/SW/design_1_wrapper_hw_platform_0/design_1_wrapper.bit"
21:01:18 INFO  : Disconnected from the channel tcfchan#7.
21:01:19 INFO  : 'targets -set -filter {jtag_cable_name =~ "Digilent Zybo Z7 210351AD6799A" && level==0} -index 1' command is executed.
21:01:19 INFO  : 'fpga -state' command is executed.
21:01:19 INFO  : Connected to target on host '127.0.0.1' and port '3121'.
21:01:19 INFO  : Jtag cable 'Digilent Zybo Z7 210351AD6799A' is selected.
21:01:19 INFO  : 'jtag frequency' command is executed.
21:01:19 INFO  : Sourcing of 'C:/Users/alumno/digitales/ejercicio1/SW/design_1_wrapper_hw_platform_0/ps7_init.tcl' is done.
21:01:19 INFO  : Context for 'APU' is selected.
21:01:20 INFO  : Hardware design information is loaded from 'C:/Users/alumno/digitales/ejercicio1/SW/design_1_wrapper_hw_platform_0/system.hdf'.
21:01:20 INFO  : 'configparams force-mem-access 1' command is executed.
21:01:20 INFO  : Context for 'APU' is selected.
21:01:20 INFO  : 'stop' command is executed.
21:01:20 INFO  : 'ps7_init' command is executed.
21:01:20 INFO  : 'ps7_post_config' command is executed.
21:01:20 INFO  : Context for processor 'ps7_cortexa9_0' is selected.
21:01:20 INFO  : Processor reset is completed for 'ps7_cortexa9_0'.
21:01:20 INFO  : Context for processor 'ps7_cortexa9_0' is selected.
21:01:20 INFO  : The application 'C:/Users/alumno/digitales/ejercicio1/SW/ejercicio1/Debug/ejercicio1.elf' is downloaded to processor 'ps7_cortexa9_0'.
21:01:20 INFO  : 'configparams force-mem-access 0' command is executed.
21:01:20 INFO  : ----------------XSDB Script----------------
connect -url tcp:127.0.0.1:3121
source C:/Users/alumno/digitales/ejercicio1/SW/design_1_wrapper_hw_platform_0/ps7_init.tcl
targets -set -nocase -filter {name =~"APU*" && jtag_cable_name =~ "Digilent Zybo Z7 210351AD6799A"} -index 0
loadhw -hw C:/Users/alumno/digitales/ejercicio1/SW/design_1_wrapper_hw_platform_0/system.hdf -mem-ranges [list {0x40000000 0xbfffffff}]
configparams force-mem-access 1
targets -set -nocase -filter {name =~"APU*" && jtag_cable_name =~ "Digilent Zybo Z7 210351AD6799A"} -index 0
stop
ps7_init
ps7_post_config
targets -set -nocase -filter {name =~ "ARM*#0" && jtag_cable_name =~ "Digilent Zybo Z7 210351AD6799A"} -index 0
rst -processor
targets -set -nocase -filter {name =~ "ARM*#0" && jtag_cable_name =~ "Digilent Zybo Z7 210351AD6799A"} -index 0
dow C:/Users/alumno/digitales/ejercicio1/SW/ejercicio1/Debug/ejercicio1.elf
configparams force-mem-access 0
----------------End of Script----------------

21:01:20 INFO  : Memory regions updated for context APU
21:01:20 INFO  : Context for processor 'ps7_cortexa9_0' is selected.
21:01:20 INFO  : 'con' command is executed.
21:01:20 INFO  : ----------------XSDB Script (After Launch)----------------
targets -set -nocase -filter {name =~ "ARM*#0" && jtag_cable_name =~ "Digilent Zybo Z7 210351AD6799A"} -index 0
con
----------------End of Script----------------

21:01:20 INFO  : Launch script is exported to file 'C:\Users\alumno\digitales\ejercicio1\SW\.sdk\launch_scripts\xilinx_c-c++_application_(system_debugger)\system_debugger_using_debug_ejercicio1.elf_on_local.tcl'
21:04:07 INFO  : Disconnected from the channel tcfchan#8.
21:04:08 INFO  : 'targets -set -filter {jtag_cable_name =~ "Digilent Zybo Z7 210351AD6799A" && level==0} -index 1' command is executed.
21:04:08 INFO  : 'fpga -state' command is executed.
21:04:08 INFO  : Connected to target on host '127.0.0.1' and port '3121'.
21:04:08 INFO  : Jtag cable 'Digilent Zybo Z7 210351AD6799A' is selected.
21:04:08 INFO  : 'jtag frequency' command is executed.
21:04:08 INFO  : Sourcing of 'C:/Users/alumno/digitales/ejercicio1/SW/design_1_wrapper_hw_platform_0/ps7_init.tcl' is done.
21:04:08 INFO  : Context for 'APU' is selected.
21:04:09 INFO  : Hardware design information is loaded from 'C:/Users/alumno/digitales/ejercicio1/SW/design_1_wrapper_hw_platform_0/system.hdf'.
21:04:09 INFO  : 'configparams force-mem-access 1' command is executed.
21:04:09 INFO  : Context for 'APU' is selected.
21:04:09 INFO  : 'stop' command is executed.
21:04:09 ERROR : AP transaction error, DAP status f0000021
21:04:09 INFO  : ----------------XSDB Script----------------
connect -url tcp:127.0.0.1:3121
source C:/Users/alumno/digitales/ejercicio1/SW/design_1_wrapper_hw_platform_0/ps7_init.tcl
targets -set -nocase -filter {name =~"APU*" && jtag_cable_name =~ "Digilent Zybo Z7 210351AD6799A"} -index 0
loadhw -hw C:/Users/alumno/digitales/ejercicio1/SW/design_1_wrapper_hw_platform_0/system.hdf -mem-ranges [list {0x40000000 0xbfffffff}]
configparams force-mem-access 1
targets -set -nocase -filter {name =~"APU*" && jtag_cable_name =~ "Digilent Zybo Z7 210351AD6799A"} -index 0
stop
ps7_init
----------------End of Script----------------

